[
  {
    "location": {
      "filePath": "main.bal",
      "startLine": 23,
      "endLine": 26,
      "startColumn": 30,
      "endColumn": 6,
      "startOffset": 868,
      "length": 68
    },
    "rule": {
      "id": "ballerina/os:1",
      "numericId": 1,
      "description": "Avoid constructing system command arguments from user input without proper sanitization",
      "ruleKind": "VULNERABILITY"
    },
    "source": "BUILT_IN",
    "fileName": "rule1/main.bal",
    "filePath": "/Users/sachink/Desktop/module-ballerina-os/module-ballerina-os/compiler-plugin-tests/src/test/resources/static_code_analyzer/ballerina_packages/rule1/main.bal"
  }
]
